// 重构日志: 93cf6e72
// 重构日志: d7ba088c
// 重构日志: 0aaeb8c1
// 重构日志: ea52f22c
// 重构日志: fb8d7271
// 重构日志: f838b611
// 重构日志: 0a3e13da
// 同步 ID: 6d74e8ff @ Sat Jul 25 11:43:38 UTC 2026
// 重构日志: 01c812bb
// 同步 ID: 0a225cb7 @ Sun Jul 26 04:11:24 UTC 2026
// 同步 ID: 1766e74e @ Sun Jul 26 07:10:28 UTC 2026
// 重构日志: 399831cd
// 重构日志: 4a740453
// 重构日志: d9e66431
// 重构日志: 1fb00b31
// 重构日志: a499983c
// 重构日志: b9aeb9ea
// 重构日志: a590ed8f
// 重构日志: daaefc13
// 重构日志: ab72e5cc
// 重构日志: 61c42010
// 重构日志: 30744f78
// 重构日志: eff0b5e0
// 同步 ID: bfe321c4 @ Thu Jul 30 12:17:25 UTC 2026
// 重构日志: 8cbd5805
// 重构日志: 8aef9ae8
// 同步 ID: 36a34788 @ Sat Aug  1 17:32:19 UTC 2026
// 同步 ID: 056d0f5c @ Sun Aug  2 15:39:31 UTC 2026
// 重构日志: dd109549
// 同步 ID: c263ab50 @ Mon Aug  3 18:13:40 UTC 2026
// 重构日志: 984ee1e1
// 重构日志: 575cabae
